[     118ms] [LOG] [Fast Refresh] rebuilding @ http://localhost:3001/_next/static/chunks/node_modules_next_dist_1ybzpk2._.js:2489
[     265ms] [LOG] [Fast Refresh] done in 249ms @ http://localhost:3001/_next/static/chunks/node_modules_next_dist_1ybzpk2._.js:2489
[     344ms] [INFO] %cDownload the React DevTools for a better development experience: https://react.dev/link/react-devtools font-weight:bold @ http://localhost:3001/_next/static/chunks/node_modules_next_dist_1ybzpk2._.js:2489
[     461ms] [LOG] [HMR] connected @ http://localhost:3001/_next/static/chunks/node_modules_next_dist_1ybzpk2._.js:2489
[   23009ms] [LOG] [Fast Refresh] rebuilding @ http://localhost:3001/_next/static/chunks/node_modules_next_dist_1ybzpk2._.js:2489
[   23042ms] [LOG] [Fast Refresh] done in 71ms @ http://localhost:3001/_next/static/chunks/node_modules_next_dist_1ybzpk2._.js:2489
[   23148ms] [LOG] [Fast Refresh] rebuilding @ http://localhost:3001/_next/static/chunks/node_modules_next_dist_1ybzpk2._.js:2489
[   23160ms] [LOG] [Fast Refresh] done in 118ms @ http://localhost:3001/_next/static/chunks/node_modules_next_dist_1ybzpk2._.js:2489
[   23266ms] [LOG] [Fast Refresh] rebuilding @ http://localhost:3001/_next/static/chunks/node_modules_next_dist_1ybzpk2._.js:2489
[   23297ms] [LOG] [Fast Refresh] done in 135ms @ http://localhost:3001/_next/static/chunks/node_modules_next_dist_1ybzpk2._.js:2489
[   31915ms] [LOG] [Fast Refresh] rebuilding @ http://localhost:3001/_next/static/chunks/node_modules_next_dist_1ybzpk2._.js:2489
[   32064ms] [LOG] [Fast Refresh] done in 77ms @ http://localhost:3001/_next/static/chunks/node_modules_next_dist_1ybzpk2._.js:2489
[   39555ms] [LOG] [Fast Refresh] rebuilding @ http://localhost:3001/_next/static/chunks/node_modules_next_dist_1ybzpk2._.js:2489
[   39668ms] [LOG] [Fast Refresh] done in 68ms @ http://localhost:3001/_next/static/chunks/node_modules_next_dist_1ybzpk2._.js:2489
[   47126ms] [LOG] [Fast Refresh] rebuilding @ http://localhost:3001/_next/static/chunks/node_modules_next_dist_1ybzpk2._.js:2489
[   47273ms] [LOG] [Fast Refresh] done in 73ms @ http://localhost:3001/_next/static/chunks/node_modules_next_dist_1ybzpk2._.js:2489
[   57146ms] [LOG] [Fast Refresh] rebuilding @ http://localhost:3001/_next/static/chunks/node_modules_next_dist_1ybzpk2._.js:2489
[   57365ms] [LOG] [Fast Refresh] done in 265ms @ http://localhost:3001/_next/static/chunks/node_modules_next_dist_1ybzpk2._.js:2489
[   57474ms] [LOG] [Fast Refresh] rebuilding @ http://localhost:3001/_next/static/chunks/node_modules_next_dist_1ybzpk2._.js:2489
[   57557ms] [LOG] [Fast Refresh] done in 189ms @ http://localhost:3001/_next/static/chunks/node_modules_next_dist_1ybzpk2._.js:2489
[   57830ms] [LOG] [Fast Refresh] rebuilding @ http://localhost:3001/_next/static/chunks/node_modules_next_dist_1ybzpk2._.js:2489
[   57849ms] [LOG] [Fast Refresh] done in 121ms @ http://localhost:3001/_next/static/chunks/node_modules_next_dist_1ybzpk2._.js:2489
[   57968ms] [LOG] [Fast Refresh] rebuilding @ http://localhost:3001/_next/static/chunks/node_modules_next_dist_1ybzpk2._.js:2489
[   58008ms] [LOG] [Fast Refresh] done in 148ms @ http://localhost:3001/_next/static/chunks/node_modules_next_dist_1ybzpk2._.js:2489
[   61749ms] [LOG] [Fast Refresh] rebuilding @ http://localhost:3001/_next/static/chunks/node_modules_next_dist_1ybzpk2._.js:2489
[   61961ms] [LOG] [Fast Refresh] done in 260ms @ http://localhost:3001/_next/static/chunks/node_modules_next_dist_1ybzpk2._.js:2489
[   62066ms] [LOG] [Fast Refresh] rebuilding @ http://localhost:3001/_next/static/chunks/node_modules_next_dist_1ybzpk2._.js:2489
[   62066ms] [LOG] [Fast Refresh] done in 106ms @ http://localhost:3001/_next/static/chunks/node_modules_next_dist_1ybzpk2._.js:2489
[   62240ms] [LOG] [Fast Refresh] rebuilding @ http://localhost:3001/_next/static/chunks/node_modules_next_dist_1ybzpk2._.js:2489
[   62244ms] [LOG] [Fast Refresh] done in 106ms @ http://localhost:3001/_next/static/chunks/node_modules_next_dist_1ybzpk2._.js:2489
[   62347ms] [LOG] [Fast Refresh] rebuilding @ http://localhost:3001/_next/static/chunks/node_modules_next_dist_1ybzpk2._.js:2489
[   62376ms] [LOG] [Fast Refresh] done in 130ms @ http://localhost:3001/_next/static/chunks/node_modules_next_dist_1ybzpk2._.js:2489
[   68797ms] [LOG] [Fast Refresh] rebuilding @ http://localhost:3001/_next/static/chunks/node_modules_next_dist_1ybzpk2._.js:2489
[   68907ms] [LOG] [Fast Refresh] done in 71ms @ http://localhost:3001/_next/static/chunks/node_modules_next_dist_1ybzpk2._.js:2489
[   69132ms] [LOG] [Fast Refresh] rebuilding @ http://localhost:3001/_next/static/chunks/node_modules_next_dist_1ybzpk2._.js:2489
[   69264ms] [LOG] [Fast Refresh] done in 74ms @ http://localhost:3001/_next/static/chunks/node_modules_next_dist_1ybzpk2._.js:2489
[   69665ms] [LOG] [Fast Refresh] rebuilding @ http://localhost:3001/_next/static/chunks/node_modules_next_dist_1ybzpk2._.js:2489
[   69815ms] [LOG] [Fast Refresh] done in 72ms @ http://localhost:3001/_next/static/chunks/node_modules_next_dist_1ybzpk2._.js:2489
[   70137ms] [LOG] [Fast Refresh] rebuilding @ http://localhost:3001/_next/static/chunks/node_modules_next_dist_1ybzpk2._.js:2489
[   70297ms] [LOG] [Fast Refresh] done in 72ms @ http://localhost:3001/_next/static/chunks/node_modules_next_dist_1ybzpk2._.js:2489
