[    3981ms] [LOG] JQMIGRATE: Migrate is installed, version 3.4.1 @ https://tempsmss.com/wp-includes/js/jquery/jquery-migrate.min.js?ver=3.4.1:1
[    4275ms] [ERROR] Failed to load resource: the server responded with a status of 404 () @ https://tempsmss.com/favicon.ico:0
[    6302ms] [ERROR] Failed to load resource: the server responded with a status of 503 () @ https://tempsmss.com/receive-sms/page/25/:0
[    6352ms] [ERROR] Attestation check for Shared Storage on https://www.googleadservices.com failed. @ https://www.googleadservices.com/pagead/managed/js/activeview/current/reach_worklet.html:0
[    6358ms] [ERROR] Attestation check for Shared Storage on https://www.googleadservices.com failed. @ https://www.googleadservices.com/pagead/managed/js/activeview/current/reach_worklet.html:0
[    8699ms] [ERROR] Failed to load resource: the server responded with a status of 404 () @ https://tempsmss.com/receive-sms/page/25/:0
[    8766ms] [LOG] JQMIGRATE: Migrate is installed, version 3.4.1 @ https://tempsmss.com/wp-includes/js/jquery/jquery-migrate.min.js?ver=3.4.1:1
[    8800ms] TagError: adsbygoogle.push() error: No slot size for availableWidth=0
    at Io (https://pagead2.googlesyndication.com/pagead/js/adsbygoogle.js?client=ca-pub-1797178034183370:156:314)
    at Ho (https://pagead2.googlesyndication.com/pagead/js/adsbygoogle.js?client=ca-pub-1797178034183370:155:133)
    at Po (https://pagead2.googlesyndication.com/pagead/js/adsbygoogle.js?client=ca-pub-1797178034183370:159:172)
    at Zo (https://pagead2.googlesyndication.com/pagead/js/adsbygoogle.js?client=ca-pub-1797178034183370:175:15)
    at Np (https://pagead2.googlesyndication.com/pagead/js/adsbygoogle.js?client=ca-pub-1797178034183370:184:601)
    at js (https://pagead2.googlesyndication.com/pagead/js/adsbygoogle.js?client=ca-pub-1797178034183370:233:141)
    at g.client (https://pagead2.googlesyndication.com/pagead/js/adsbygoogle.js?client=ca-pub-1797178034183370:223:45)
    at vk.g (https://pagead2.googlesyndication.com/pagead/js/adsbygoogle.js?client=ca-pub-1797178034183370:82:678)
    at Ck (https://pagead2.googlesyndication.com/pagead/js/adsbygoogle.js?client=ca-pub-1797178034183370:83:678)
    at es (https://pagead2.googlesyndication.com/pagead/js/adsbygoogle.js?client=ca-pub-1797178034183370:223:33)
[    8818ms] [LOG] SMS Pagination - URL: https://tempsmss.com/receive-sms/page/25/ Detected Page: 25 Base URL: https://tempsmss.com/receive-sms/ @ https://tempsmss.com/wp-content/plugins/wp-sms-receiver/js/script-user.js?ver=1776929018:92
[    9329ms] [ERROR] Backend error: {message: Phone number required} @ https://tempsmss.com/wp-content/plugins/wp-sms-receiver/js/script-user.js?ver=1776929018:31
[   53537ms] [LOG] JQMIGRATE: Migrate is installed, version 3.4.1 @ https://tempsmss.com/wp-includes/js/jquery/jquery-migrate.min.js?ver=3.4.1:1
[   53576ms] TagError: adsbygoogle.push() error: No slot size for availableWidth=0
    at Io (https://pagead2.googlesyndication.com/pagead/js/adsbygoogle.js?client=ca-pub-1797178034183370:156:314)
    at Ho (https://pagead2.googlesyndication.com/pagead/js/adsbygoogle.js?client=ca-pub-1797178034183370:155:133)
    at Po (https://pagead2.googlesyndication.com/pagead/js/adsbygoogle.js?client=ca-pub-1797178034183370:159:172)
    at Zo (https://pagead2.googlesyndication.com/pagead/js/adsbygoogle.js?client=ca-pub-1797178034183370:175:15)
    at Np (https://pagead2.googlesyndication.com/pagead/js/adsbygoogle.js?client=ca-pub-1797178034183370:184:601)
    at js (https://pagead2.googlesyndication.com/pagead/js/adsbygoogle.js?client=ca-pub-1797178034183370:233:141)
    at g.client (https://pagead2.googlesyndication.com/pagead/js/adsbygoogle.js?client=ca-pub-1797178034183370:223:45)
    at vk.g (https://pagead2.googlesyndication.com/pagead/js/adsbygoogle.js?client=ca-pub-1797178034183370:82:678)
    at Ck (https://pagead2.googlesyndication.com/pagead/js/adsbygoogle.js?client=ca-pub-1797178034183370:83:678)
    at es (https://pagead2.googlesyndication.com/pagead/js/adsbygoogle.js?client=ca-pub-1797178034183370:223:33)
[   53586ms] [LOG] SMS Pagination - URL: https://tempsmss.com/receive-sms/uk-virtual-number-415/ Detected Page: 1 Base URL: https://tempsmss.com/receive-sms/uk-virtual-number-415/ @ https://tempsmss.com/wp-content/plugins/wp-sms-receiver/js/script-user.js?ver=1776929018:92
[  258617ms] [LOG] JQMIGRATE: Migrate is installed, version 3.4.1 @ https://tempsmss.com/wp-includes/js/jquery/jquery-migrate.min.js?ver=3.4.1:1
[  258694ms] TagError: adsbygoogle.push() error: No slot size for availableWidth=0
    at Io (https://pagead2.googlesyndication.com/pagead/js/adsbygoogle.js?client=ca-pub-1797178034183370:156:314)
    at Ho (https://pagead2.googlesyndication.com/pagead/js/adsbygoogle.js?client=ca-pub-1797178034183370:155:133)
    at Po (https://pagead2.googlesyndication.com/pagead/js/adsbygoogle.js?client=ca-pub-1797178034183370:159:172)
    at Zo (https://pagead2.googlesyndication.com/pagead/js/adsbygoogle.js?client=ca-pub-1797178034183370:175:15)
    at Np (https://pagead2.googlesyndication.com/pagead/js/adsbygoogle.js?client=ca-pub-1797178034183370:184:601)
    at js (https://pagead2.googlesyndication.com/pagead/js/adsbygoogle.js?client=ca-pub-1797178034183370:233:141)
    at g.client (https://pagead2.googlesyndication.com/pagead/js/adsbygoogle.js?client=ca-pub-1797178034183370:223:45)
    at vk.g (https://pagead2.googlesyndication.com/pagead/js/adsbygoogle.js?client=ca-pub-1797178034183370:82:678)
    at Ck (https://pagead2.googlesyndication.com/pagead/js/adsbygoogle.js?client=ca-pub-1797178034183370:83:678)
    at es (https://pagead2.googlesyndication.com/pagead/js/adsbygoogle.js?client=ca-pub-1797178034183370:223:33)
[  258747ms] [LOG] SMS Pagination - URL: https://tempsmss.com/receive-sms/uk-virtual-number-415/ Detected Page: 1 Base URL: https://tempsmss.com/receive-sms/uk-virtual-number-415/ @ https://tempsmss.com/wp-content/plugins/wp-sms-receiver/js/script-user.js?ver=1776929018:92
[  262830ms] [LOG] JQMIGRATE: Migrate is installed, version 3.4.1 @ https://tempsmss.com/wp-includes/js/jquery/jquery-migrate.min.js?ver=3.4.1:1
[  262878ms] TagError: adsbygoogle.push() error: No slot size for availableWidth=0
    at Io (https://pagead2.googlesyndication.com/pagead/js/adsbygoogle.js?client=ca-pub-1797178034183370:156:314)
    at Ho (https://pagead2.googlesyndication.com/pagead/js/adsbygoogle.js?client=ca-pub-1797178034183370:155:133)
    at Po (https://pagead2.googlesyndication.com/pagead/js/adsbygoogle.js?client=ca-pub-1797178034183370:159:172)
    at Zo (https://pagead2.googlesyndication.com/pagead/js/adsbygoogle.js?client=ca-pub-1797178034183370:175:15)
    at Np (https://pagead2.googlesyndication.com/pagead/js/adsbygoogle.js?client=ca-pub-1797178034183370:184:601)
    at js (https://pagead2.googlesyndication.com/pagead/js/adsbygoogle.js?client=ca-pub-1797178034183370:233:141)
    at g.client (https://pagead2.googlesyndication.com/pagead/js/adsbygoogle.js?client=ca-pub-1797178034183370:223:45)
    at vk.g (https://pagead2.googlesyndication.com/pagead/js/adsbygoogle.js?client=ca-pub-1797178034183370:82:678)
    at Ck (https://pagead2.googlesyndication.com/pagead/js/adsbygoogle.js?client=ca-pub-1797178034183370:83:678)
    at es (https://pagead2.googlesyndication.com/pagead/js/adsbygoogle.js?client=ca-pub-1797178034183370:223:33)
[  262922ms] [LOG] SMS Pagination - URL: https://tempsmss.com/receive-sms/uk-virtual-number-415/ Detected Page: 1 Base URL: https://tempsmss.com/receive-sms/uk-virtual-number-415/ @ https://tempsmss.com/wp-content/plugins/wp-sms-receiver/js/script-user.js?ver=1776929018:92
[ 1268669ms] [LOG] JQMIGRATE: Migrate is installed, version 3.4.1 @ https://tempsmss.com/wp-includes/js/jquery/jquery-migrate.min.js?ver=3.4.1:1
[ 1268689ms] TagError: adsbygoogle.push() error: No slot size for availableWidth=0
    at Io (https://pagead2.googlesyndication.com/pagead/js/adsbygoogle.js?client=ca-pub-1797178034183370:156:314)
    at Ho (https://pagead2.googlesyndication.com/pagead/js/adsbygoogle.js?client=ca-pub-1797178034183370:155:133)
    at Po (https://pagead2.googlesyndication.com/pagead/js/adsbygoogle.js?client=ca-pub-1797178034183370:159:172)
    at Zo (https://pagead2.googlesyndication.com/pagead/js/adsbygoogle.js?client=ca-pub-1797178034183370:175:15)
    at Np (https://pagead2.googlesyndication.com/pagead/js/adsbygoogle.js?client=ca-pub-1797178034183370:184:601)
    at js (https://pagead2.googlesyndication.com/pagead/js/adsbygoogle.js?client=ca-pub-1797178034183370:233:141)
    at g.client (https://pagead2.googlesyndication.com/pagead/js/adsbygoogle.js?client=ca-pub-1797178034183370:223:45)
    at vk.g (https://pagead2.googlesyndication.com/pagead/js/adsbygoogle.js?client=ca-pub-1797178034183370:82:678)
    at Ck (https://pagead2.googlesyndication.com/pagead/js/adsbygoogle.js?client=ca-pub-1797178034183370:83:678)
    at es (https://pagead2.googlesyndication.com/pagead/js/adsbygoogle.js?client=ca-pub-1797178034183370:223:33)
[ 1268703ms] [LOG] SMS Pagination - URL: https://tempsmss.com/receive-sms/uk-otp-receiver-826/ Detected Page: 1 Base URL: https://tempsmss.com/receive-sms/uk-otp-receiver-826/ @ https://tempsmss.com/wp-content/plugins/wp-sms-receiver/js/script-user.js?ver=1776929018:92
[ 1269781ms] [ERROR] Attestation check for Shared Storage on https://www.googleadservices.com failed. @ https://www.googleadservices.com/pagead/managed/js/activeview/current/reach_worklet.html:0
[ 1269781ms] [ERROR] Attestation check for Shared Storage on https://www.googleadservices.com failed. @ https://www.googleadservices.com/pagead/managed/js/activeview/current/reach_worklet.html:0
[ 1269830ms] [ERROR] Attestation check for Shared Storage on https://www.googleadservices.com failed. @ https://www.googleadservices.com/pagead/managed/js/activeview/current/reach_worklet.html:0
[ 1269781ms] [ERROR] Attestation check for Shared Storage on https://www.googleadservices.com failed. @ https://www.googleadservices.com/pagead/managed/js/activeview/current/reach_worklet.html:0
[ 1269830ms] [ERROR] Attestation check for Shared Storage on https://www.googleadservices.com failed. @ https://www.googleadservices.com/pagead/managed/js/activeview/current/reach_worklet.html:0
[ 1269781ms] [ERROR] Attestation check for Shared Storage on https://www.googleadservices.com failed. @ https://www.googleadservices.com/pagead/managed/js/activeview/current/reach_worklet.html:0
[ 1269830ms] [ERROR] Attestation check for Shared Storage on https://www.googleadservices.com failed. @ https://www.googleadservices.com/pagead/managed/js/activeview/current/reach_worklet.html:0
[ 1270648ms] [ERROR] Attestation check for Shared Storage on https://www.googleadservices.com failed. @ https://www.googleadservices.com/pagead/managed/js/activeview/current/reach_worklet.html:0
[ 1270651ms] [ERROR] Attestation check for Shared Storage on https://www.googleadservices.com failed. @ https://www.googleadservices.com/pagead/managed/js/activeview/current/reach_worklet.html:0
[ 1269781ms] [ERROR] Attestation check for Shared Storage on https://www.googleadservices.com failed. @ https://www.googleadservices.com/pagead/managed/js/activeview/current/reach_worklet.html:0
[ 1269830ms] [ERROR] Attestation check for Shared Storage on https://www.googleadservices.com failed. @ https://www.googleadservices.com/pagead/managed/js/activeview/current/reach_worklet.html:0
[ 1270648ms] [ERROR] Attestation check for Shared Storage on https://www.googleadservices.com failed. @ https://www.googleadservices.com/pagead/managed/js/activeview/current/reach_worklet.html:0
[ 1270651ms] [ERROR] Attestation check for Shared Storage on https://www.googleadservices.com failed. @ https://www.googleadservices.com/pagead/managed/js/activeview/current/reach_worklet.html:0
[ 1269781ms] [ERROR] Attestation check for Shared Storage on https://www.googleadservices.com failed. @ https://www.googleadservices.com/pagead/managed/js/activeview/current/reach_worklet.html:0
[ 1269830ms] [ERROR] Attestation check for Shared Storage on https://www.googleadservices.com failed. @ https://www.googleadservices.com/pagead/managed/js/activeview/current/reach_worklet.html:0
[ 1270648ms] [ERROR] Attestation check for Shared Storage on https://www.googleadservices.com failed. @ https://www.googleadservices.com/pagead/managed/js/activeview/current/reach_worklet.html:0
[ 1270651ms] [ERROR] Attestation check for Shared Storage on https://www.googleadservices.com failed. @ https://www.googleadservices.com/pagead/managed/js/activeview/current/reach_worklet.html:0
[ 1270781ms] [ERROR] Attestation check for Shared Storage on https://www.googleadservices.com failed. @ https://www.googleadservices.com/pagead/managed/js/activeview/current/reach_worklet.html:0
[ 1270785ms] [ERROR] Attestation check for Shared Storage on https://www.googleadservices.com failed. @ https://www.googleadservices.com/pagead/managed/js/activeview/current/reach_worklet.html:0
[ 1291471ms] [LOG] JQMIGRATE: Migrate is installed, version 3.4.1 @ https://tempsmss.com/wp-includes/js/jquery/jquery-migrate.min.js?ver=3.4.1:1
[ 1291520ms] TagError: adsbygoogle.push() error: No slot size for availableWidth=0
    at Io (https://pagead2.googlesyndication.com/pagead/js/adsbygoogle.js?client=ca-pub-1797178034183370:156:314)
    at Ho (https://pagead2.googlesyndication.com/pagead/js/adsbygoogle.js?client=ca-pub-1797178034183370:155:133)
    at Po (https://pagead2.googlesyndication.com/pagead/js/adsbygoogle.js?client=ca-pub-1797178034183370:159:172)
    at Zo (https://pagead2.googlesyndication.com/pagead/js/adsbygoogle.js?client=ca-pub-1797178034183370:175:15)
    at Np (https://pagead2.googlesyndication.com/pagead/js/adsbygoogle.js?client=ca-pub-1797178034183370:184:601)
    at js (https://pagead2.googlesyndication.com/pagead/js/adsbygoogle.js?client=ca-pub-1797178034183370:233:141)
    at g.client (https://pagead2.googlesyndication.com/pagead/js/adsbygoogle.js?client=ca-pub-1797178034183370:223:45)
    at vk.g (https://pagead2.googlesyndication.com/pagead/js/adsbygoogle.js?client=ca-pub-1797178034183370:82:678)
    at Ck (https://pagead2.googlesyndication.com/pagead/js/adsbygoogle.js?client=ca-pub-1797178034183370:83:678)
    at es (https://pagead2.googlesyndication.com/pagead/js/adsbygoogle.js?client=ca-pub-1797178034183370:223:33)
[ 1291555ms] [LOG] SMS Pagination - URL: https://tempsmss.com/receive-sms/uk-otp-receiver-826/ Detected Page: 1 Base URL: https://tempsmss.com/receive-sms/uk-otp-receiver-826/ @ https://tempsmss.com/wp-content/plugins/wp-sms-receiver/js/script-user.js?ver=1776929018:92
[ 1291995ms] [ERROR] Attestation check for Shared Storage on https://www.googleadservices.com failed. @ https://www.googleadservices.com/pagead/managed/js/activeview/current/reach_worklet.html:0
[ 1330321ms] [LOG] JQMIGRATE: Migrate is installed, version 3.4.1 @ https://tempsmss.com/wp-includes/js/jquery/jquery-migrate.min.js?ver=3.4.1:1
[ 1330379ms] TagError: adsbygoogle.push() error: No slot size for availableWidth=0
    at Io (https://pagead2.googlesyndication.com/pagead/js/adsbygoogle.js?client=ca-pub-1797178034183370:156:314)
    at Ho (https://pagead2.googlesyndication.com/pagead/js/adsbygoogle.js?client=ca-pub-1797178034183370:155:133)
    at Po (https://pagead2.googlesyndication.com/pagead/js/adsbygoogle.js?client=ca-pub-1797178034183370:159:172)
    at Zo (https://pagead2.googlesyndication.com/pagead/js/adsbygoogle.js?client=ca-pub-1797178034183370:175:15)
    at Np (https://pagead2.googlesyndication.com/pagead/js/adsbygoogle.js?client=ca-pub-1797178034183370:184:601)
    at js (https://pagead2.googlesyndication.com/pagead/js/adsbygoogle.js?client=ca-pub-1797178034183370:233:141)
    at g.client (https://pagead2.googlesyndication.com/pagead/js/adsbygoogle.js?client=ca-pub-1797178034183370:223:45)
    at vk.g (https://pagead2.googlesyndication.com/pagead/js/adsbygoogle.js?client=ca-pub-1797178034183370:82:678)
    at Ck (https://pagead2.googlesyndication.com/pagead/js/adsbygoogle.js?client=ca-pub-1797178034183370:83:678)
    at es (https://pagead2.googlesyndication.com/pagead/js/adsbygoogle.js?client=ca-pub-1797178034183370:223:33)
[ 1330421ms] [LOG] SMS Pagination - URL: https://tempsmss.com/receive-sms/uk-otp-receiver-826/ Detected Page: 1 Base URL: https://tempsmss.com/receive-sms/uk-otp-receiver-826/ @ https://tempsmss.com/wp-content/plugins/wp-sms-receiver/js/script-user.js?ver=1776929018:92
[ 1331092ms] [ERROR] Attestation check for Shared Storage on https://www.googleadservices.com failed. @ https://www.googleadservices.com/pagead/managed/js/activeview/current/reach_worklet.html:0
[ 1369378ms] [ERROR] Failed to load resource: net::ERR_CONNECTION_RESET @ https://um.simpli.fi/gp_match?google_gid=CAESEAd6WpRL3aGUh1D6bvYuo84&google_cver=1&google_push=AXcoOmR-wTSP3YrgZZezX9CA_7uRdacmc9ePDGTM14KHc0enF7yKKJFMzxqtL7ekfqVpJ1RtIhtmflH92zHasr8aF4lcGbNq4jKnn40:0
